Biomass reaction: Growth | Biomass reaction | bounds=(0.0, 1000.0)
    0.000223 10fthf_c + 0.513689 ala__L_c + 0.000223 amet_c + 0.295792 arg__L_c + 0.241055 asn__L_c + 0.241055 asp__L_c + 54.124831 atp_c + 0.005205 ca2_c + 0.005205 cl_c + 0.000576 coa_c + 0.0001 cobalt2_c + 0.133508 ctp_c + 0.000709 cu2_c + 0.09158 cys__L_c + 0.026166 datp_c + 0.027017 dctp_c + 0.027017 dgtp_c + 0.026166 dttp_c + 0.000223 fad_c + 0.006715 fe2_c + 0.007808 fe3_c + 0.26316 gln__L_c + 0.26316 glu__L_c + 0.612638 gly_c + 0.001 gtca1_45_BS_c + 0.001 gtca2_45_BS_c + 0.001 gtca3_45_BS_c + 0.215096 gtp_c + 48.601527 h2o_c + 0.094738 his__L_c + 0.290529 ile__L_c + 0.195193 k_c + 0.450531 leu__L_c + 5e-05 lipo1_24_BS_c + 5e-05 lipo2_24_BS_c + 5e-05 lipo3_24_BS_c + 5e-05 lipo4_24_BS_c + 0.343161 lys__L_c + 0.153686 met__L_c + 0.008675 mg2_c + 0.000223 mlthf_c + 0.000691 mn2_c + 0.0001 mql8_c + 0.001831 nad_c + 0.000447 nadp_c + 0.01 peptido_BS_c + 0.185265 phe__L_c + 0.221055 pro__L_c + 0.000223 pydx5p_c + 0.000223 ribflv_c + 0.215792 ser__L_c + 0.004338 so4_c + 0.000223 thf_c + 0.000223 thmpp_c + 0.253687 thr__L_c + 0.056843 trp__L_c + 0.137896 tyr__L_c + 0.144104 utp_c + 0.423162 val__L_c + 0.000341 zn2_c --> 53.95 adp_c + 53.95 h_c + 53.945662 pi_c + 0.773903 ppi_c
PHB reaction: PHBS_syn_1 | PHB synthetase | bounds=(0.0, 1000.0)
    3hbcoa__R --> coa_c + phb_c

Wild-type growth: 0.429406 /h
cameo not available — falling back to the cobrapy-only heuristic search.

Screening 1705 single-reaction knockouts for growth/PHB coupling (this is the slow step)...
  ...200/1705 screened
  ...400/1705 screened
  ...600/1705 screened
  ...800/1705 screened
  ...1000/1705 screened
  ...1200/1705 screened
  ...1400/1705 screened
  ...1600/1705 screened

Single-knockout coupling scores written to: step_7_results/step_7.17_single_knockout_coupling_scores.csv

Top 10 single knockouts by forced minimum PHB flux at max growth:
 knockouts  n_knockouts  max_growth  min_PHB_at_max_growth
AACOAR_syn            1    0.429406                    0.0
  12PPDRDH            1    0.429406                    0.0
    13PPDH            1    0.429406                    0.0
   13PPDH2            1    0.429406                    0.0
 13PPDH2_1            1    0.429406                    0.0
 23CAMPtex            1    0.429406                    0.0
 23CCMPtex            1    0.429406                    0.0
 23CGMPtex            1    0.359384                    0.0
 23CUMPtex            1    0.429406                    0.0
  23PDE2pp            1    0.429406                    0.0

Extending top 40 single knockouts with a second knockout (greedy search, this is also slow)...

Double-knockout coupling scores written to: step_7_results/step_7.17_best_double_knockout_coupling.csv

Top 10 double knockouts by forced minimum PHB flux at max growth:
             knockouts  n_knockouts  max_growth  min_PHB_at_max_growth
     2MAHMP + 2PGLYCt6            2    0.429406                    0.0
 12PPDRDH + AACOAR_syn            2    0.429406                    0.0
   13PPDH + AACOAR_syn            2    0.429406                    0.0
  13PPDH2 + AACOAR_syn            2    0.429406                    0.0
13PPDH2_1 + AACOAR_syn            2    0.429406                    0.0
23CAMPtex + AACOAR_syn            2    0.429406                    0.0
23CCMPtex + AACOAR_syn            2    0.429406                    0.0
23CGMPtex + AACOAR_syn            2    0.359384                    0.0
23CUMPtex + AACOAR_syn            2    0.429406                    0.0
 23PDE2pp + AACOAR_syn            2    0.429406                    0.0

STEP 7.17 — Strain Design (heuristic growth/PHB coupling search)
======================================================================
Wild-type growth: 0.429406 /h; wild-type min PHB at max growth: 0.000000

Best single knockout: AACOAR_syn -> max growth 0.4294 /h, forced min PHB flux 0.0000
Best double knockout: 2MAHMP + 2PGLYCt6 -> max growth 0.4294 /h, forced min PHB flux 0.0000

Summary written to: step_7_results/step_7.17_strain_design_summary.txt
