Biomass reaction: Growth | Biomass reaction | bounds=(0.0, 1000.0)
    0.000223 10fthf_c + 0.513689 ala__L_c + 0.000223 amet_c + 0.295792 arg__L_c + 0.241055 asn__L_c + 0.241055 asp__L_c + 54.124831 atp_c + 0.005205 ca2_c + 0.005205 cl_c + 0.000576 coa_c + 0.0001 cobalt2_c + 0.133508 ctp_c + 0.000709 cu2_c + 0.09158 cys__L_c + 0.026166 datp_c + 0.027017 dctp_c + 0.027017 dgtp_c + 0.026166 dttp_c + 0.000223 fad_c + 0.006715 fe2_c + 0.007808 fe3_c + 0.26316 gln__L_c + 0.26316 glu__L_c + 0.612638 gly_c + 0.001 gtca1_45_BS_c + 0.001 gtca2_45_BS_c + 0.001 gtca3_45_BS_c + 0.215096 gtp_c + 48.601527 h2o_c + 0.094738 his__L_c + 0.290529 ile__L_c + 0.195193 k_c + 0.450531 leu__L_c + 5e-05 lipo1_24_BS_c + 5e-05 lipo2_24_BS_c + 5e-05 lipo3_24_BS_c + 5e-05 lipo4_24_BS_c + 0.343161 lys__L_c + 0.153686 met__L_c + 0.008675 mg2_c + 0.000223 mlthf_c + 0.000691 mn2_c + 0.0001 mql8_c + 0.001831 nad_c + 0.000447 nadp_c + 0.01 peptido_BS_c + 0.185265 phe__L_c + 0.221055 pro__L_c + 0.000223 pydx5p_c + 0.000223 ribflv_c + 0.215792 ser__L_c + 0.004338 so4_c + 0.000223 thf_c + 0.000223 thmpp_c + 0.253687 thr__L_c + 0.056843 trp__L_c + 0.137896 tyr__L_c + 0.144104 utp_c + 0.423162 val__L_c + 0.000341 zn2_c --> 53.95 adp_c + 53.95 h_c + 53.945662 pi_c + 0.773903 ppi_c
PHB reaction: PHBS_syn_1 | PHB synthetase | bounds=(0.0, 1000.0)
    3hbcoa__R --> coa_c + phb_c
======================================================================
STEP 7.02 — pFBA AT PHB OPTIMUM
======================================================================
Objective (maximized): PHBS_syn_1
Status:                optimal
PHB flux:              30.334582
Growth rate at optimum: 0.000000 /h
Sum of |fluxes| (total parsimonious flux): 1213.4988
Reactions carrying nonzero flux: 181 / 1963

Top 25 reactions by |flux|:
  AACOAR_syn                30.3346  Acetoacetyl-CoA reductase (R-specific)
  SK_phb_c                  30.3346  Demand reaction for PHB accumulation
  PHBS_syn_1                30.3346  PHB synthetase
  O2tpp                     20.0000  O2 transport via diffusion (periplasm)
  PYK                       20.0000  Pyruvate kinase
  EX_co2_e                  20.0000  R_EX_co2_e
  O2tex                     20.0000  Oxygen transport via diffusion (extracellular to periplasm)
  EX_o2_e                  -20.0000  R_EX_o2_e
  H2Otex                    20.0000  H2O transport via diffusion (extracellular to periplasm)
  ALCD19                    20.0000  Alcohol dehydrogenase (glycerol)
  ACACT1r                   15.2113  Acetyl-CoA C-acetyltransferase
  OCOAT1                    10.7767  3-oxoacid CoA-transferase (Succinyl-CoA: acetoacetate)
  13PPDH                    10.7591  1,3-propanediol dehydrogenase
  ALATA_L                  -10.0000  L-alanine transaminase
  EX_succ_e                 10.0000  R_EX_succ_e
  ENO                       10.0000  Enolase
  GLYCK                     10.0000  Glycerate kinase
  EX_nac_e                  10.0000  R_EX_nac_e
  PGM                      -10.0000  Phosphoglycerate mutase
  TARTDC                    10.0000  Tartrate decarboxylase
  NAPRT                    -10.0000  NAPRTase (rev)
  GALpts                   -10.0000  Galactose transport via PTS
  3NUCLE4                  -10.0000  3  nucleotidase  guanosine 3  phosphate
  EX_23cgmp_e              -10.0000  R_EX_23cgmp_e
  GALUi                     10.0000  UTP-glucose-1-phosphate uridylyltransferase (irreversible)

Full flux distribution written to: step_7_results/step_7.02_pfba_flux_distribution.csv
Summary written to: step_7_results/step_7.02_pfba_summary.txt
