Biomass reaction: Growth | Biomass reaction | bounds=(0.0, 1000.0)
    0.000223 10fthf_c + 0.513689 ala__L_c + 0.000223 amet_c + 0.295792 arg__L_c + 0.241055 asn__L_c + 0.241055 asp__L_c + 54.124831 atp_c + 0.005205 ca2_c + 0.005205 cl_c + 0.000576 coa_c + 0.0001 cobalt2_c + 0.133508 ctp_c + 0.000709 cu2_c + 0.09158 cys__L_c + 0.026166 datp_c + 0.027017 dctp_c + 0.027017 dgtp_c + 0.026166 dttp_c + 0.000223 fad_c + 0.006715 fe2_c + 0.007808 fe3_c + 0.26316 gln__L_c + 0.26316 glu__L_c + 0.612638 gly_c + 0.001 gtca1_45_BS_c + 0.001 gtca2_45_BS_c + 0.001 gtca3_45_BS_c + 0.215096 gtp_c + 48.601527 h2o_c + 0.094738 his__L_c + 0.290529 ile__L_c + 0.195193 k_c + 0.450531 leu__L_c + 5e-05 lipo1_24_BS_c + 5e-05 lipo2_24_BS_c + 5e-05 lipo3_24_BS_c + 5e-05 lipo4_24_BS_c + 0.343161 lys__L_c + 0.153686 met__L_c + 0.008675 mg2_c + 0.000223 mlthf_c + 0.000691 mn2_c + 0.0001 mql8_c + 0.001831 nad_c + 0.000447 nadp_c + 0.01 peptido_BS_c + 0.185265 phe__L_c + 0.221055 pro__L_c + 0.000223 pydx5p_c + 0.000223 ribflv_c + 0.215792 ser__L_c + 0.004338 so4_c + 0.000223 thf_c + 0.000223 thmpp_c + 0.253687 thr__L_c + 0.056843 trp__L_c + 0.137896 tyr__L_c + 0.144104 utp_c + 0.423162 val__L_c + 0.000341 zn2_c --> 53.95 adp_c + 53.95 h_c + 53.945662 pi_c + 0.773903 ppi_c
PHB reaction: PHBS_syn_1 | PHB synthetase | bounds=(0.0, 1000.0)
    3hbcoa__R --> coa_c + phb_c

Solving at growth_optimum (objective = Growth)...
  objective value = 0.429406
  shadow prices  -> step_7_results/step_7.10_shadow_prices_growth_optimum.csv
  reduced costs  -> step_7_results/step_7.10_reduced_costs_growth_optimum.csv

Solving at PHB_optimum (objective = PHBS_syn_1)...
  objective value = 30.334582
  shadow prices  -> step_7_results/step_7.10_shadow_prices_PHB_optimum.csv
  reduced costs  -> step_7_results/step_7.10_reduced_costs_PHB_optimum.csv

STEP 7.10 — Shadow Price & Reduced Cost Summary
======================================================================

[growth_optimum] objective value = 0.429406
  Most limiting exchanged metabolites (most negative shadow price):
    nmn_e                -0.0197  NMN C11H14N2O8P
  Reactions with a binding (nonzero reduced-cost) bound:
    EX_nmn_e             -0.0394  R_EX_nmn_e
    EX_nh4_e              0.0080  R_EX_nh4_e

[PHB_optimum] objective value = 30.334582
  Most limiting exchanged metabolites (most negative shadow price):
    23cgmp_e             -0.2321  2',3'-Cyclic GMP
    o2_e                 -0.2072  O2 O2
    tartr__L_e           -0.1315  L-tartrate
    h2o_e                -0.0916  H2O H2O
    gthrd_e              -0.0916  Reduced glutathione
    h_e                  -0.0239  H+
    arab__L_e            -0.0120  L-Arabinose
    acac_e               -0.0120  Acetoacetate
    glyald_e             -0.0120  D-Glyceraldehyde
  Reactions with a binding (nonzero reduced-cost) bound:
    EX_nh4_e              0.6375  R_EX_nh4_e
    EX_23cgmp_e          -0.4641  R_EX_23cgmp_e
    EX_o2_e              -0.4143  R_EX_o2_e
    EX_tartr__L_e        -0.2629  R_EX_tartr__L_e
    EX_gthrd_e           -0.1833  R_EX_gthrd_e
    EX_h2o_e             -0.1833  R_EX_h2o_e
    EX_h_e               -0.0478  R_EX_h_e
    EX_arab__L_e         -0.0239  R_EX_arab__L_e
    EX_acac_e            -0.0239  R_EX_acac_e
    EX_glyald_e          -0.0239  R_EX_glyald_e

Summary written to: step_7_results/step_7.10_limiting_nutrients_summary.txt
Figure written to: step_7_results/step_7.10_shadow_price_reduced_cost.png
