Biomass reaction: Growth | Biomass reaction | bounds=(0.0, 1000.0)
    0.000223 10fthf_c + 0.513689 ala__L_c + 0.000223 amet_c + 0.295792 arg__L_c + 0.241055 asn__L_c + 0.241055 asp__L_c + 54.124831 atp_c + 0.005205 ca2_c + 0.005205 cl_c + 0.000576 coa_c + 0.0001 cobalt2_c + 0.133508 ctp_c + 0.000709 cu2_c + 0.09158 cys__L_c + 0.026166 datp_c + 0.027017 dctp_c + 0.027017 dgtp_c + 0.026166 dttp_c + 0.000223 fad_c + 0.006715 fe2_c + 0.007808 fe3_c + 0.26316 gln__L_c + 0.26316 glu__L_c + 0.612638 gly_c + 0.001 gtca1_45_BS_c + 0.001 gtca2_45_BS_c + 0.001 gtca3_45_BS_c + 0.215096 gtp_c + 48.601527 h2o_c + 0.094738 his__L_c + 0.290529 ile__L_c + 0.195193 k_c + 0.450531 leu__L_c + 5e-05 lipo1_24_BS_c + 5e-05 lipo2_24_BS_c + 5e-05 lipo3_24_BS_c + 5e-05 lipo4_24_BS_c + 0.343161 lys__L_c + 0.153686 met__L_c + 0.008675 mg2_c + 0.000223 mlthf_c + 0.000691 mn2_c + 0.0001 mql8_c + 0.001831 nad_c + 0.000447 nadp_c + 0.01 peptido_BS_c + 0.185265 phe__L_c + 0.221055 pro__L_c + 0.000223 pydx5p_c + 0.000223 ribflv_c + 0.215792 ser__L_c + 0.004338 so4_c + 0.000223 thf_c + 0.000223 thmpp_c + 0.253687 thr__L_c + 0.056843 trp__L_c + 0.137896 tyr__L_c + 0.144104 utp_c + 0.423162 val__L_c + 0.000341 zn2_c --> 53.95 adp_c + 53.95 h_c + 53.945662 pi_c + 0.773903 ppi_c
PHB reaction: PHBS_syn_1 | PHB synthetase | bounds=(0.0, 1000.0)
    3hbcoa__R --> coa_c + phb_c
Scoping bottleneck analysis to 1660 reactions within 8 hops of PHB synthesis.

Full bottleneck table written to: step_7_results/step_7.12_bottleneck_analysis.csv

Top 20 bottleneck candidates:
reaction_id  distance_from_PHB  abs_flux  flux_to_capacity_ratio  bottleneck_score
      SUCD1                  3  3.848281                0.384828          0.074566
        PYK                  4 19.860486                0.019860          0.019860
     H2Otex                  5 19.259778                0.019260          0.018677
    CYTB_B2                  4 13.994693                0.013995          0.009861
        PGM                  6 10.000000                0.010000          0.005035
    ABUTt2r                  4 10.000000                0.010000          0.005035
     TARTDC                  4 10.000000                0.010000          0.005035
      GALUi                  5 10.000000                0.010000          0.005035
      GLYCK                  5 10.000000                0.010000          0.005035
        ENO                  5 10.000000                0.010000          0.005035
      NAPRT                  5 10.000000                0.010000          0.005035
       PTAr                  3 10.000000                0.010000          0.005035
       ABTA                  4 10.000000                0.010000          0.005035
     ALAtpp                  5 10.000000                0.010000          0.005035
     ALAtex                  5 10.000000                0.010000          0.005035
    SSCOARy                  3 10.000000                0.010000          0.005035
     SUCOAS                  3 10.000000                0.010000          0.005035
    TARTRt7                  3 10.000000                0.010000          0.005035
       ACKr                  3 10.000000                0.010000          0.005035
       NACt                  6 10.000000                0.010000          0.005035

Bar chart written to: step_7_results/step_7.12_bottleneck_bar_chart.png
