Biomass reaction: Growth | Biomass reaction | bounds=(0.0, 1000.0)
    0.000223 10fthf_c + 0.513689 ala__L_c + 0.000223 amet_c + 0.295792 arg__L_c + 0.241055 asn__L_c + 0.241055 asp__L_c + 54.124831 atp_c + 0.005205 ca2_c + 0.005205 cl_c + 0.000576 coa_c + 0.0001 cobalt2_c + 0.133508 ctp_c + 0.000709 cu2_c + 0.09158 cys__L_c + 0.026166 datp_c + 0.027017 dctp_c + 0.027017 dgtp_c + 0.026166 dttp_c + 0.000223 fad_c + 0.006715 fe2_c + 0.007808 fe3_c + 0.26316 gln__L_c + 0.26316 glu__L_c + 0.612638 gly_c + 0.001 gtca1_45_BS_c + 0.001 gtca2_45_BS_c + 0.001 gtca3_45_BS_c + 0.215096 gtp_c + 48.601527 h2o_c + 0.094738 his__L_c + 0.290529 ile__L_c + 0.195193 k_c + 0.450531 leu__L_c + 5e-05 lipo1_24_BS_c + 5e-05 lipo2_24_BS_c + 5e-05 lipo3_24_BS_c + 5e-05 lipo4_24_BS_c + 0.343161 lys__L_c + 0.153686 met__L_c + 0.008675 mg2_c + 0.000223 mlthf_c + 0.000691 mn2_c + 0.0001 mql8_c + 0.001831 nad_c + 0.000447 nadp_c + 0.01 peptido_BS_c + 0.185265 phe__L_c + 0.221055 pro__L_c + 0.000223 pydx5p_c + 0.000223 ribflv_c + 0.215792 ser__L_c + 0.004338 so4_c + 0.000223 thf_c + 0.000223 thmpp_c + 0.253687 thr__L_c + 0.056843 trp__L_c + 0.137896 tyr__L_c + 0.144104 utp_c + 0.423162 val__L_c + 0.000341 zn2_c --> 53.95 adp_c + 53.95 h_c + 53.945662 pi_c + 0.773903 ppi_c
PHB reaction: PHBS_syn_1 | PHB synthetase | bounds=(0.0, 1000.0)
    3hbcoa__R --> coa_c + phb_c

Checking which candidate carbon sources exist in this model...
  (skipping 'Lactate (D)': exchange reaction 'EX_lac__D_e' not found in model)
  found: ['Glucose', 'Fructose', 'Glycerol', 'Sucrose', 'Maltose', 'Mannose', 'Mannitol', 'Arabinose', 'Melibiose', 'Acetate', 'Succinate', 'Pyruvate']
  Glucose        x Anaerobic      -> growth=0.2206 /h, PHB=2.1489
  Glucose        x Microaerobic   -> growth=0.3341 /h, PHB=5.6202
  Glucose        x Aerobic        -> growth=0.4137 /h, PHB=4.6113
  Glucose        x Hyperaerobic   -> growth=0.4137 /h, PHB=5.1544
  Fructose       x Anaerobic      -> growth=0.2206 /h, PHB=2.1489
  Fructose       x Microaerobic   -> growth=0.3341 /h, PHB=5.6202
  Fructose       x Aerobic        -> growth=0.4137 /h, PHB=4.6113
  Fructose       x Hyperaerobic   -> growth=0.4137 /h, PHB=5.1544
  Glycerol       x Anaerobic      -> growth=0.2354 /h, PHB=2.5981
  Glycerol       x Microaerobic   -> growth=0.3341 /h, PHB=5.6202
  Glycerol       x Aerobic        -> growth=0.4137 /h, PHB=4.6113
  Glycerol       x Hyperaerobic   -> growth=0.4137 /h, PHB=5.1544
  Sucrose        x Anaerobic      -> growth=0.2206 /h, PHB=2.1489
  Sucrose        x Microaerobic   -> growth=0.3341 /h, PHB=5.6202
  Sucrose        x Aerobic        -> growth=0.4137 /h, PHB=4.6113
  Sucrose        x Hyperaerobic   -> growth=0.4137 /h, PHB=5.1544
  Maltose        x Anaerobic      -> growth=0.2206 /h, PHB=2.1489
  Maltose        x Microaerobic   -> growth=0.3485 /h, PHB=5.2255
  Maltose        x Aerobic        -> growth=0.4294 /h, PHB=4.6789
  Maltose        x Hyperaerobic   -> growth=0.4294 /h, PHB=5.3349
  Mannose        x Anaerobic      -> growth=0.2206 /h, PHB=2.1489
  Mannose        x Microaerobic   -> growth=0.3341 /h, PHB=5.6202
  Mannose        x Aerobic        -> growth=0.4137 /h, PHB=4.6113
  Mannose        x Hyperaerobic   -> growth=0.4137 /h, PHB=5.1544
  Mannitol       x Anaerobic      -> growth=0.2206 /h, PHB=2.1489
  Mannitol       x Microaerobic   -> growth=0.3341 /h, PHB=5.6202
  Mannitol       x Aerobic        -> growth=0.4137 /h, PHB=4.6113
  Mannitol       x Hyperaerobic   -> growth=0.4137 /h, PHB=5.1544
  Arabinose      x Anaerobic      -> growth=0.2206 /h, PHB=2.1489
  Arabinose      x Microaerobic   -> growth=0.3341 /h, PHB=5.6245
  Arabinose      x Aerobic        -> growth=0.4137 /h, PHB=4.6113
  Arabinose      x Hyperaerobic   -> growth=0.4137 /h, PHB=5.1544
  Melibiose      x Anaerobic      -> growth=0.2206 /h, PHB=2.1489
  Melibiose      x Microaerobic   -> growth=0.3341 /h, PHB=5.6202
  Melibiose      x Aerobic        -> growth=0.4137 /h, PHB=4.6113
  Melibiose      x Hyperaerobic   -> growth=0.4137 /h, PHB=5.1544
  Acetate        x Anaerobic      -> growth=0.2206 /h, PHB=2.1489
  Acetate        x Microaerobic   -> growth=0.3341 /h, PHB=5.6202
  Acetate        x Aerobic        -> growth=0.4137 /h, PHB=4.6113
  Acetate        x Hyperaerobic   -> growth=0.4137 /h, PHB=5.1544
  Succinate      x Anaerobic      -> growth=0.2206 /h, PHB=2.1489
  Succinate      x Microaerobic   -> growth=0.3341 /h, PHB=5.6202
  Succinate      x Aerobic        -> growth=0.4137 /h, PHB=4.6113
  Succinate      x Hyperaerobic   -> growth=0.4137 /h, PHB=5.1544
  Pyruvate       x Anaerobic      -> growth=0.2206 /h, PHB=2.1489
  Pyruvate       x Microaerobic   -> growth=0.3353 /h, PHB=5.6046
  Pyruvate       x Aerobic        -> growth=0.4137 /h, PHB=4.6113
  Pyruvate       x Hyperaerobic   -> growth=0.4137 /h, PHB=5.1544

Full results written to: step_7_results/step_7.09_aeration_carbon_screen.csv
Summary figure written to: step_7_results/step_7.09_aeration_carbon_source_summary.png
