Loading model from: ../models/model_7.xml
Loaded model 'model1': 1963 reactions, 1257 metabolites, 1159 genes
Biomass reaction: Growth | Biomass reaction | bounds=(0.0, 1000.0)
    0.000223 10fthf_c + 0.513689 ala__L_c + 0.000223 amet_c + 0.295792 arg__L_c + 0.241055 asn__L_c + 0.241055 asp__L_c + 54.124831 atp_c + 0.005205 ca2_c + 0.005205 cl_c + 0.000576 coa_c + 0.0001 cobalt2_c + 0.133508 ctp_c + 0.000709 cu2_c + 0.09158 cys__L_c + 0.026166 datp_c + 0.027017 dctp_c + 0.027017 dgtp_c + 0.026166 dttp_c + 0.000223 fad_c + 0.006715 fe2_c + 0.007808 fe3_c + 0.26316 gln__L_c + 0.26316 glu__L_c + 0.612638 gly_c + 0.001 gtca1_45_BS_c + 0.001 gtca2_45_BS_c + 0.001 gtca3_45_BS_c + 0.215096 gtp_c + 48.601527 h2o_c + 0.094738 his__L_c + 0.290529 ile__L_c + 0.195193 k_c + 0.450531 leu__L_c + 5e-05 lipo1_24_BS_c + 5e-05 lipo2_24_BS_c + 5e-05 lipo3_24_BS_c + 5e-05 lipo4_24_BS_c + 0.343161 lys__L_c + 0.153686 met__L_c + 0.008675 mg2_c + 0.000223 mlthf_c + 0.000691 mn2_c + 0.0001 mql8_c + 0.001831 nad_c + 0.000447 nadp_c + 0.01 peptido_BS_c + 0.185265 phe__L_c + 0.221055 pro__L_c + 0.000223 pydx5p_c + 0.000223 ribflv_c + 0.215792 ser__L_c + 0.004338 so4_c + 0.000223 thf_c + 0.000223 thmpp_c + 0.253687 thr__L_c + 0.056843 trp__L_c + 0.137896 tyr__L_c + 0.144104 utp_c + 0.423162 val__L_c + 0.000341 zn2_c --> 53.95 adp_c + 53.95 h_c + 53.945662 pi_c + 0.773903 ppi_c
PHB reaction: PHBS_syn_1 | Polyhydroxybutyrate synthase | bounds=(0.0, 10.0)
    3hbcoa__R --> coa_c + phb_c
Scoping bottleneck analysis to 1703 reactions within 8 hops of PHB synthesis.

Full bottleneck table written to: ./step_7.13_bottleneck_analysis.csv

Top 20 bottleneck candidates:
reaction_id  distance_from_PHB  abs_flux  flux_to_capacity_ratio  bottleneck_score
      RU5PS                  2 10.000000                1.000000          0.503644
      AH6PI                  2 10.000000                1.000000          0.503644
       ATPM                  2  8.390000                0.839000          0.354526
 PHBS_syn_1                  0  3.937982                0.393798          0.078104
 AACOAR_syn                  1  3.937982                0.393798          0.078104
     OXAtpp                  2  2.556204                0.255620          0.032909
        PYK                  2 19.855299                0.019855          0.019855
     H2Otex                  3 19.232258                0.019232          0.018629
        RPE                  3 13.332665                0.013333          0.008953
      O2tpp                  3 10.483938                0.010484          0.005536
      O2tex                  4 10.483938                0.010484          0.005536
     ALAtpp                  2 10.000000                0.010000          0.005036
       GAPD                  2 10.000000                0.010000          0.005036
       NMNP                  3 10.000000                0.010000          0.005036
     VALDHr                  2 10.000000                0.010000          0.005036
       PGMT                  3 10.000000                0.010000          0.005036
        PGM                  3 10.000000                0.010000          0.005036
        PGK                  2 10.000000                0.010000          0.005036
        ENO                  2 10.000000                0.010000          0.005036
      GALUi                  2 10.000000                0.010000          0.005036

Bar chart written to: ./step_7.13_bottleneck_bar_chart.png
