/mnt/shared/Documents/Research/BIOT 499/GEM/7_analyses/step_7.24.py:141: DeprecationWarning: `salib.sample.saltelli` will be removed in SALib 1.5.1 Please use `salib.sample.sobol`
  param_values = saltelli.sample(PROBLEM, N_BASE_SAMPLES)
Loading model from: ../models/model_7.xml
Loaded model 'model1': 1963 reactions, 1257 metabolites, 1159 genes
Biomass reaction: Growth | Biomass reaction | bounds=(0.0, 1000.0)
    0.000223 10fthf_c + 0.513689 ala__L_c + 0.000223 amet_c + 0.295792 arg__L_c + 0.241055 asn__L_c + 0.241055 asp__L_c + 54.124831 atp_c + 0.005205 ca2_c + 0.005205 cl_c + 0.000576 coa_c + 0.0001 cobalt2_c + 0.133508 ctp_c + 0.000709 cu2_c + 0.09158 cys__L_c + 0.026166 datp_c + 0.027017 dctp_c + 0.027017 dgtp_c + 0.026166 dttp_c + 0.000223 fad_c + 0.006715 fe2_c + 0.007808 fe3_c + 0.26316 gln__L_c + 0.26316 glu__L_c + 0.612638 gly_c + 0.001 gtca1_45_BS_c + 0.001 gtca2_45_BS_c + 0.001 gtca3_45_BS_c + 0.215096 gtp_c + 48.601527 h2o_c + 0.094738 his__L_c + 0.290529 ile__L_c + 0.195193 k_c + 0.450531 leu__L_c + 5e-05 lipo1_24_BS_c + 5e-05 lipo2_24_BS_c + 5e-05 lipo3_24_BS_c + 5e-05 lipo4_24_BS_c + 0.343161 lys__L_c + 0.153686 met__L_c + 0.008675 mg2_c + 0.000223 mlthf_c + 0.000691 mn2_c + 0.0001 mql8_c + 0.001831 nad_c + 0.000447 nadp_c + 0.01 peptido_BS_c + 0.185265 phe__L_c + 0.221055 pro__L_c + 0.000223 pydx5p_c + 0.000223 ribflv_c + 0.215792 ser__L_c + 0.004338 so4_c + 0.000223 thf_c + 0.000223 thmpp_c + 0.253687 thr__L_c + 0.056843 trp__L_c + 0.137896 tyr__L_c + 0.144104 utp_c + 0.423162 val__L_c + 0.000341 zn2_c --> 53.95 adp_c + 53.95 h_c + 53.945662 pi_c + 0.773903 ppi_c
PHB reaction: PHBS_syn_1 | Polyhydroxybutyrate synthase | bounds=(0.0, 10.0)
    3hbcoa__R --> coa_c + phb_c
Carbon exchange: EX_glc__D_e | R_EX_glc__D_e | bounds=(-10.0, 10.0)
    glc__D_e <=> 
Oxygen exchange: EX_o2_e | R_EX_o2_e | bounds=(-20.0, 10.0)
    o2_e <=> 
Nitrogen exchange: EX_nh4_e | R_EX_nh4_e | bounds=(-15.0, 10.0)
    nh4_e <=> 

Generated 1024 Sobol sample points (N_BASE_SAMPLES=128, 3 parameters). Evaluating model (slow step)...
  ...200/1024 evaluations complete
  ...400/1024 evaluations complete
  ...600/1024 evaluations complete
  ...800/1024 evaluations complete
  ...1000/1024 evaluations complete

Sample points and outputs written to: ./step_7.24_sobol_samples_and_output.csv
Computing Sobol sensitivity indices...

Sobol indices:
     parameter            S1      S1_conf           ST      ST_conf
glucose_uptake -4.857138e-14 1.018341e-13 3.977733e-25 3.014256e-25
     o2_uptake  1.011069e+00 2.065733e-01 1.007870e+00 1.830352e-01
    nh4_uptake  8.980220e-05 3.876775e-04 2.782351e-06 3.262529e-06

Sobol indices written to: ./step_7.24_sobol_indices.csv

Second-order interaction indices:
                       pair            S2
 glucose_uptake x o2_uptake -2.065015e-14
glucose_uptake x nh4_uptake  2.551955e-13
     o2_uptake x nh4_uptake -7.668630e-03

Bar chart written to: ./step_7.24_sobol_indices_bar_chart.png
