Loading model from: ../models/model_7.xml
Loaded model 'model1': 1963 reactions, 1257 metabolites, 1159 genes
Biomass reaction: Growth | Biomass reaction | bounds=(0.0, 1000.0)
    0.000223 10fthf_c + 0.513689 ala__L_c + 0.000223 amet_c + 0.295792 arg__L_c + 0.241055 asn__L_c + 0.241055 asp__L_c + 54.124831 atp_c + 0.005205 ca2_c + 0.005205 cl_c + 0.000576 coa_c + 0.0001 cobalt2_c + 0.133508 ctp_c + 0.000709 cu2_c + 0.09158 cys__L_c + 0.026166 datp_c + 0.027017 dctp_c + 0.027017 dgtp_c + 0.026166 dttp_c + 0.000223 fad_c + 0.006715 fe2_c + 0.007808 fe3_c + 0.26316 gln__L_c + 0.26316 glu__L_c + 0.612638 gly_c + 0.001 gtca1_45_BS_c + 0.001 gtca2_45_BS_c + 0.001 gtca3_45_BS_c + 0.215096 gtp_c + 48.601527 h2o_c + 0.094738 his__L_c + 0.290529 ile__L_c + 0.195193 k_c + 0.450531 leu__L_c + 5e-05 lipo1_24_BS_c + 5e-05 lipo2_24_BS_c + 5e-05 lipo3_24_BS_c + 5e-05 lipo4_24_BS_c + 0.343161 lys__L_c + 0.153686 met__L_c + 0.008675 mg2_c + 0.000223 mlthf_c + 0.000691 mn2_c + 0.0001 mql8_c + 0.001831 nad_c + 0.000447 nadp_c + 0.01 peptido_BS_c + 0.185265 phe__L_c + 0.221055 pro__L_c + 0.000223 pydx5p_c + 0.000223 ribflv_c + 0.215792 ser__L_c + 0.004338 so4_c + 0.000223 thf_c + 0.000223 thmpp_c + 0.253687 thr__L_c + 0.056843 trp__L_c + 0.137896 tyr__L_c + 0.144104 utp_c + 0.423162 val__L_c + 0.000341 zn2_c --> 53.95 adp_c + 53.95 h_c + 53.945662 pi_c + 0.773903 ppi_c
PHB reaction: PHBS_syn_1 | Polyhydroxybutyrate synthase | bounds=(0.0, 10.0)
    3hbcoa__R --> coa_c + phb_c
======================================================================
STEP 7.3 — pFBA AT PHB OPTIMUM
======================================================================
Objective (maximized): PHBS_syn_1
Status:                optimal
PHB flux:              10.000000
Growth rate at optimum: 0.000000 /h
Sum of |fluxes| (total parsimonious flux): 366.0133
Reactions carrying nonzero flux: 80 / 1963

Top 25 reactions by |flux|:
  H2Otex                    10.1155  H2O transport via diffusion (extracellular to periplasm)
  GLUDy                     10.0000  Glutamate dehydrogenase (NADP)
  PHBS_syn_1                10.0000  Polyhydroxybutyrate synthase
  H2Ot                     -10.0000  H2O transport via diffusion
  AACOAR_syn                10.0000  Acetoacetyl-CoA reductase (R-specific)
  SK_phb_c                  10.0000  Demand reaction for PHB accumulation
  GLUDxi                    -9.6899  Glutamate dehydrogenase  NAD
  BHBtpp                     9.5348  Transport of (r)-3-hydroxybutanoate [extraorganism-cytosol](passive)
  BDH                        9.5348  3-HYDROXYBUTYRATE-DEHYDROGENASE-RXN
  RHA40tex                  -9.5348  R 3 Hydroxy acid transport diffusion C40  extracellular to periplasm
  EX_bhb_e                  -9.5348  R_EX_bhb_e
  Htex                       9.5348  Proton transport via diffusion (extracellular to periplasm)
  PYK                        8.4296  Pyruvate kinase
  ENO                        8.4296  Enolase
  EX_ala__L_e                8.4296  R_EX_ala__L_e
  VPAMTr                    -8.4296  Valine-pyruvate aminotransferase
  VALDHr                    -8.4296  Valine dehydrogenase
  PGM                       -8.4296  Phosphoglycerate mutase
  ALAtpp                     8.4296  L-alanine export via facilited diffusion
  ALAtex                    -8.4296  L-alanine transport via diffusion (extracellular to periplasm)
  GAPD                       8.4296  Glyceraldehyde-3-phosphate dehydrogenase
  PGK                       -8.4296  Phosphoglycerate kinase
  ATPM                       8.3900  R_ATPM
  EX_pi_e                    5.0577  R_EX_pi_e
  GSNt2pp                    5.0577  Guanosine transport in via proton symport (periplasm)

Full flux distribution written to: ./step_7.3_pfba_flux_distribution.csv
Summary written to: ./step_7.3_pfba_summary.txt
