Loading model from: ../models/model_7.xml
Loaded model 'model1': 1963 reactions, 1257 metabolites, 1159 genes
Candidate carbon exchanges confirmed in model: ['EX_glc__D_e', 'EX_fru_e', 'EX_glyc_e', 'EX_sucr_e', 'EX_malt_e', 'EX_man_e', 'EX_mnl_e', 'EX_arab__L_e', 'EX_melib_e', 'EX_ac_e', 'EX_succ_e', 'EX_pyr_e']

Running corrected aeration x carbon-source screen (12 sources x 4 aeration levels)...
  Glucose      x Anaerobic     -> growth=0.3534 /h, PHB=0.0361
  Glucose      x Microaerobic  -> growth=0.3663 /h, PHB=0.0374
  Glucose      x Aerobic       -> growth=0.3722 /h, PHB=0.2283
  Glucose      x Hyperaerobic  -> growth=0.3722 /h, PHB=0.2283
  Fructose     x Anaerobic     -> growth=0.3534 /h, PHB=0.0361
  Fructose     x Microaerobic  -> growth=0.3663 /h, PHB=0.0374
  Fructose     x Aerobic       -> growth=0.3722 /h, PHB=0.2283
  Fructose     x Hyperaerobic  -> growth=0.3722 /h, PHB=0.2283
  Glycerol     x Anaerobic     -> growth=0.3534 /h, PHB=0.0361
  Glycerol     x Microaerobic  -> growth=0.3663 /h, PHB=0.0374
  Glycerol     x Aerobic       -> growth=0.3722 /h, PHB=0.2283
  Glycerol     x Hyperaerobic  -> growth=0.3722 /h, PHB=0.2283
  Sucrose      x Anaerobic     -> growth=0.3534 /h, PHB=0.0361
  Sucrose      x Microaerobic  -> growth=0.3663 /h, PHB=0.0374
  Sucrose      x Aerobic       -> growth=0.3722 /h, PHB=0.2283
  Sucrose      x Hyperaerobic  -> growth=0.3722 /h, PHB=0.2283
  Maltose      x Anaerobic     -> growth=0.3935 /h, PHB=0.0402
  Maltose      x Microaerobic  -> growth=0.4220 /h, PHB=0.0431
  Maltose      x Aerobic       -> growth=0.4454 /h, PHB=0.2294
  Maltose      x Hyperaerobic  -> growth=0.4454 /h, PHB=0.2294
  Mannose      x Anaerobic     -> growth=0.3534 /h, PHB=0.0361
  Mannose      x Microaerobic  -> growth=0.3663 /h, PHB=0.0374
  Mannose      x Aerobic       -> growth=0.3722 /h, PHB=0.2283
  Mannose      x Hyperaerobic  -> growth=0.3722 /h, PHB=0.2283
  Mannitol     x Anaerobic     -> growth=0.3534 /h, PHB=0.0361
  Mannitol     x Microaerobic  -> growth=0.3663 /h, PHB=0.0374
  Mannitol     x Aerobic       -> growth=0.3722 /h, PHB=0.2283
  Mannitol     x Hyperaerobic  -> growth=0.3722 /h, PHB=0.2283
  Arabinose    x Anaerobic     -> growth=0.3534 /h, PHB=0.0361
  Arabinose    x Microaerobic  -> growth=0.3663 /h, PHB=0.0374
  Arabinose    x Aerobic       -> growth=0.3722 /h, PHB=0.2283
  Arabinose    x Hyperaerobic  -> growth=0.3722 /h, PHB=0.2283
  Melibiose    x Anaerobic     -> growth=0.3534 /h, PHB=0.0361
  Melibiose    x Microaerobic  -> growth=0.3663 /h, PHB=0.0374
  Melibiose    x Aerobic       -> growth=0.3722 /h, PHB=0.2283
  Melibiose    x Hyperaerobic  -> growth=0.3722 /h, PHB=0.2283
  Acetate      x Anaerobic     -> growth=0.3534 /h, PHB=0.0361
  Acetate      x Microaerobic  -> growth=0.3663 /h, PHB=0.0374
  Acetate      x Aerobic       -> growth=0.3722 /h, PHB=0.2283
  Acetate      x Hyperaerobic  -> growth=0.3722 /h, PHB=0.2283
  Succinate    x Anaerobic     -> growth=0.3534 /h, PHB=0.0361
  Succinate    x Microaerobic  -> growth=0.3663 /h, PHB=0.0374
  Succinate    x Aerobic       -> growth=0.3722 /h, PHB=0.2283
  Succinate    x Hyperaerobic  -> growth=0.3722 /h, PHB=0.2283
  Pyruvate     x Anaerobic     -> growth=0.3534 /h, PHB=0.0361
  Pyruvate     x Microaerobic  -> growth=0.3663 /h, PHB=0.0374
  Pyruvate     x Aerobic       -> growth=0.3722 /h, PHB=0.2283
  Pyruvate     x Hyperaerobic  -> growth=0.3722 /h, PHB=0.2283

Corrected results written to: ./step_7.29_aeration_carbon_screen_corrected.csv

Distinct growth-rate values per aeration level:
aeration
Aerobic         2
Anaerobic       2
Hyperaerobic    2
Microaerobic    2

Distinct growth-coupled PHB values per aeration level (should now be > 1 -- previously this was stuck at 1 everywhere, always =10):
aeration
Aerobic         2
Anaerobic       2
Hyperaerobic    2
Microaerobic    2

Comparison to original step_7.10 output written to: ./step_7.29_corrected_vs_original_comparison.csv
Max |growth_delta|: 0.0000
Max |phb_delta|:    3.7086

Summary written to: ./step_7.29_summary.txt
