Loading model from: ../models/model_7.xml
Loaded model 'model1': 1963 reactions, 1257 metabolites, 1159 genes
Biomass reaction: Growth | Biomass reaction | bounds=(0.0, 1000.0)
    0.000223 10fthf_c + 0.513689 ala__L_c + 0.000223 amet_c + 0.295792 arg__L_c + 0.241055 asn__L_c + 0.241055 asp__L_c + 54.124831 atp_c + 0.005205 ca2_c + 0.005205 cl_c + 0.000576 coa_c + 0.0001 cobalt2_c + 0.133508 ctp_c + 0.000709 cu2_c + 0.09158 cys__L_c + 0.026166 datp_c + 0.027017 dctp_c + 0.027017 dgtp_c + 0.026166 dttp_c + 0.000223 fad_c + 0.006715 fe2_c + 0.007808 fe3_c + 0.26316 gln__L_c + 0.26316 glu__L_c + 0.612638 gly_c + 0.001 gtca1_45_BS_c + 0.001 gtca2_45_BS_c + 0.001 gtca3_45_BS_c + 0.215096 gtp_c + 48.601527 h2o_c + 0.094738 his__L_c + 0.290529 ile__L_c + 0.195193 k_c + 0.450531 leu__L_c + 5e-05 lipo1_24_BS_c + 5e-05 lipo2_24_BS_c + 5e-05 lipo3_24_BS_c + 5e-05 lipo4_24_BS_c + 0.343161 lys__L_c + 0.153686 met__L_c + 0.008675 mg2_c + 0.000223 mlthf_c + 0.000691 mn2_c + 0.0001 mql8_c + 0.001831 nad_c + 0.000447 nadp_c + 0.01 peptido_BS_c + 0.185265 phe__L_c + 0.221055 pro__L_c + 0.000223 pydx5p_c + 0.000223 ribflv_c + 0.215792 ser__L_c + 0.004338 so4_c + 0.000223 thf_c + 0.000223 thmpp_c + 0.253687 thr__L_c + 0.056843 trp__L_c + 0.137896 tyr__L_c + 0.144104 utp_c + 0.423162 val__L_c + 0.000341 zn2_c --> 53.95 adp_c + 53.95 h_c + 53.945662 pi_c + 0.773903 ppi_c
PHB reaction: PHBS_syn_1 | Polyhydroxybutyrate synthase | bounds=(0.0, 10.0)
    3hbcoa__R --> coa_c + phb_c
Carbon exchange: EX_glc__D_e | R_EX_glc__D_e | bounds=(-10.0, 10.0)
    glc__D_e <=> 
Nitrogen exchange: EX_nh4_e | R_EX_nh4_e | bounds=(-15.0, 10.0)
    nh4_e <=> 
Oxygen exchange: EX_o2_e | R_EX_o2_e | bounds=(-20.0, 10.0)
    o2_e <=> 

Screening medium conditions...
                       medium  glc_uptake_bound  nh4_uptake_bound  o2_uptake_bound  max_growth_rate_1_h  growth_coupled_growth_1_h  growth_coupled_PHB_flux
           Aerobic, N-replete              20.0              20.0             20.0             0.445370                   0.400833                 3.937982
           Aerobic, N-limited              20.0               1.0             20.0             0.445370                   0.400833                 3.937982
      Microaerobic, N-replete              20.0              20.0              2.0             0.421989                   0.379790                 3.316366
         Anaerobic, N-replete              20.0              20.0              0.0             0.393538                   0.354184                 2.819016
Carbon-excess feed, N-limited              40.0               1.0             20.0             0.445370                   0.400833                 3.937982
    Carbon-limited, N-replete               5.0              20.0             20.0             0.445370                   0.400833                 3.937982

Medium screen written to: ./step_7.7_medium_screen_results.csv

Computing minimal medium...
Minimal medium sustaining 0.2227 /h (50% of max growth 0.4454 /h) requires 16 exchange reactions.
Minimal medium written to: ./step_7.7_minimal_medium.csv

Summary figure written to: ./step_7.7_medium_optimization_summary.png
