Validating SBML file: ../models/model_7.xml
Scanning for blocked reactions (this can take a while on large models)...
======================================================================
STEP 7.1 — MODEL VALIDATION AND SUMMARY STATISTICS
======================================================================
Model file: ../models/model_7.xml
Model ID:   model1

--- SBML / COBRA validation ---
  No structural validation errors reported.

--- Model size ---
  Reactions:    1963
  Metabolites:  1257
  Genes:        1159
  Compartments: 4 -> {'C_c': 'cytosol', 'C_p': 'periplasm', 'C_e': 'extracellular space', 'c': 'c'}
  Exchange reactions: 252

--- Gene-Protein-Reaction (GPR) coverage ---
  Reactions without a GPR rule (excluding boundary rxns): 208 / 1711

--- Mass/charge balance (non-boundary reactions) ---
  Mass/charge-imbalanced reactions: 318 / 1711 (18.6%)
  Full list written to: ./step_7.1_mass_charge_imbalances.csv

--- Solvability ---
  Biomass reaction: Growth
  Solver status:    optimal
  Max growth rate:  0.445370 /h

--- Blocked reactions ---
  Blocked reactions: 103 / 1963 (5.2%)


Summary written to: ./step_7.1_model_summary.txt
