Loading model from: ../models/model_7.xml
Loaded model 'model1': 1963 reactions, 1257 metabolites, 1159 genes

======================================================================
STEP 7.32 — SUBSTRATE-SPECIFIC BOTTLENECK IDENTIFICATION
======================================================================
  Glucose      growth=0.3722 /h, 5 reactions saturated at their bound
  Fructose     growth=0.3722 /h, 5 reactions saturated at their bound
  Glycerol     growth=0.3722 /h, 5 reactions saturated at their bound
  Sucrose      growth=0.3722 /h, 5 reactions saturated at their bound
  Maltose      growth=0.4454 /h, 8 reactions saturated at their bound
  Mannose      growth=0.3722 /h, 5 reactions saturated at their bound
  Mannitol     growth=0.3722 /h, 5 reactions saturated at their bound
  Arabinose    growth=0.3722 /h, 5 reactions saturated at their bound
  Melibiose    growth=0.3722 /h, 5 reactions saturated at their bound
  Acetate      growth=0.3722 /h, 5 reactions saturated at their bound
  Succinate    growth=0.3722 /h, 5 reactions saturated at their bound
  Pyruvate     growth=0.3722 /h, 5 reactions saturated at their bound

Reactions saturated in ALL 11 non-maltose substrates but NOT in maltose: 0

Substrate-specific pathway bounds/flux:
substrate reaction_id                                       reaction_name          bounds  flux_in_own_scenario
  Glucose EX_glc__D_e                                       R_EX_glc__D_e   (-10.0, 10.0)              0.000000
  Glucose      GLCpts                 D-glucose transport via PEP:Pyr PTS   (0.0, 1000.0)              0.000000
  Glucose      GLCabc                  D-glucose transport via ABC system   (0.0, 1000.0)              0.000000
  Glucose    GLCptspp     D-glucose transport via PEP:Pyr PTS (periplasm)   (0.0, 1000.0)              0.000000
  Glucose        HEX1                          Hexokinase (D-glucose:ATP)   (0.0, 1000.0)              0.000000
  Glucose         PGI                       Glucose-6-phosphate isomerase (-10.0, 1000.0)             -3.196327
  Maltose   EX_malt_e                                         R_EX_malt_e    (-8.0, 10.0)             -4.250586
  Maltose     MALTabc                    Maltose transport via ABC system   (0.0, 1000.0)              0.000000
  Maltose     MALTpts                   Maltose transport via PEP:Pyr PTS   (0.0, 1000.0)              0.000000
  Maltose      MALTt2             Maltose transport in via proton symport   (0.0, 1000.0)              4.250586
  Maltose        MALT                                   Alpha glucosidase   (0.0, 1000.0)              0.000000
 Fructose    EX_fru_e                                          R_EX_fru_e    (-7.0, 10.0)              0.000000
 Fructose      FRUpts                D-fructose transport via PEP:Pyr PTS   (0.0, 1000.0)              0.000000
 Fructose     FRUpts2 Fructose transport via PEP:Pyr PTS (f6p generating)   (0.0, 1000.0)              0.000000
 Fructose        HEX7                         Hexokinase (D-fructose:ATP)   (0.0, 1000.0)              0.000000
  Sucrose   EX_sucr_e                                         R_EX_sucr_e    (-9.0, 10.0)              0.000000
  Sucrose      SUCpts                   Sucrose transport via PEP:Pyr PTS   (0.0, 1000.0)              0.000000
  Sucrose        SUCR                          Sucrose hydrolyzing enzyme   (0.0, 1000.0)              0.000000
  Sucrose      SUCRt2             Sucrose transport in via proton symport   (0.0, 1000.0)              0.000000

Summary written to: ./step_7.32_summary.txt
