/mnt/shared/Documents/Research/BIOT 499/GEM/7_analyses/step_7.18.py:112: DeprecationWarning: Passing a boolean value to the `loopless` argument is deprecated. Please pass either None, 'fastSNP' or 'cycleFreeFlux'.
  fva = flux_variability_analysis(
Loading model from: ../models/model_7.xml
Loaded model 'model1': 1963 reactions, 1257 metabolites, 1159 genes
PHB reaction (FVA objective): PHBS_syn_1 | Polyhydroxybutyrate synthase | bounds=(0.0, 10.0)
    3hbcoa__R --> coa_c + phb_c
NOTE: 1703 pathway reactions found, capping to the first 150 to keep runtime/memory bo3unded. Adjust the relevant MAX_* constant at the top of the script if you need more.
FVA scope: 150 reactions (pathway neighborhood)

Running FVA: fraction_of_optimum=1.0, loopless=False ...
/mnt/shared/Documents/Research/BIOT 499/GEM/7_analyses/step_7.18.py:112: DeprecationWarning: Passing a boolean value to the `loopless` argument is deprecated. Please pass either None, 'fastSNP' or 'cycleFreeFlux'.
  fva = flux_variability_analysis(
  written to ./step_7.18_fva_frac100_standard.csv

Running FVA: fraction_of_optimum=1.0, loopless=True ...
/mnt/shared/Documents/Research/BIOT 499/GEM/7_analyses/step_7.18.py:112: DeprecationWarning: Passing a boolean value to the `loopless` argument is deprecated. Please pass either None, 'fastSNP' or 'cycleFreeFlux'.
  fva = flux_variability_analysis(
  written to ./step_7.18_fva_frac100_loopless.csv

Running FVA: fraction_of_optimum=0.9, loopless=False ...
/mnt/shared/Documents/Research/BIOT 499/GEM/7_analyses/step_7.18.py:112: DeprecationWarning: Passing a boolean value to the `loopless` argument is deprecated. Please pass either None, 'fastSNP' or 'cycleFreeFlux'.
  fva = flux_variability_analysis(
  written to ./step_7.18_fva_frac90_standard.csv

Running FVA: fraction_of_optimum=0.9, loopless=True ...
/mnt/shared/Documents/Research/BIOT 499/GEM/7_analyses/step_7.18.py:112: DeprecationWarning: Passing a boolean value to the `loopless` argument is deprecated. Please pass either None, 'fastSNP' or 'cycleFreeFlux'.
  fva = flux_variability_analysis(
  written to ./step_7.18_fva_frac90_loopless.csv

Running FVA: fraction_of_optimum=0.5, loopless=False ...
/mnt/shared/Documents/Research/BIOT 499/GEM/7_analyses/step_7.18.py:112: DeprecationWarning: Passing a boolean value to the `loopless` argument is deprecated. Please pass either None, 'fastSNP' or 'cycleFreeFlux'.
  fva = flux_variability_analysis(
  written to ./step_7.18_fva_frac50_standard.csv

Running FVA: fraction_of_optimum=0.5, loopless=True ...
  written to ./step_7.18_fva_frac50_loopless.csv

FVA summary statistics (all fraction x loopless combinations):
 fraction_of_optimum  loopless  n_reactions  n_blocked  pct_blocked  mean_range  median_range  total_range  max_range
                 1.0     False          150          4     2.666667   11.428349      9.131361  1714.252389  94.632025
                 1.0      True          150          6     4.000000   10.561679      8.844187  1584.251891  94.632025
                 0.9     False          150          4     2.666667   11.628606      9.309971  1744.290885  95.704109
                 0.9      True          150          6     4.000000   10.761936      8.925556  1614.290388  95.704109
                 0.5     False          150          4     2.666667   12.374888     10.000000  1856.233237  99.615628
                 0.5      True          150          6     4.000000   11.574885      9.264556  1736.232779  99.615628

Summary stats written to: ./step_7.18_fva_summary_stats.csv
Pathway-ranges-across-fractions figure written to: ./step_7.18_pathway_ranges_across_fractions.png
