/home/rafae_f43/.local/share/mamba/envs/thesis_gem/lib/python3.10/site-packages/carveme/reconstruction/carving.py:220: UserWarning: Soft constraints contain reactions not in the model:
LADGMDH
ALAALA
PNP
DCYTt2
DMATT
COAt
AACPS8
H2Ot
DHDPS
VALabc
FAS1
ACALDtex
ERG8
ACt2r
CDD1
ACBIPGT
GND
NO2t2
XANt2
GRTT
GSNK
PIabc
ACOAD3f
GGTT
FBA
DASYN180
AGDC
UAGCVT
FORt2
GLY1
GLTCOAD
ADK1
ALP1
AMPTASECG
5AOPt2
RNMK
MMSAD3
G5SADr
PAPA180pp
PIt7
FRTT
AACPS2
SO3tex
APATi
NDPK1
GSNt2
SUCpts
AKP1
AMETt2
ACOAD1f
GLYK
DAPE
DIPEPabc9
PPTT
PAPPT3
URFGTT
UAG2E
TMPK
ACKr
Cuabc
BPNT
GK2
SHCHD2
G3PAT180
G3PAT160
SUCOAS
PGCD
ACOAD5f
SO4t2
DPMVD
GNK
APTA1i
PTRCTA
ACOATA
TDPGDH
GLYBt2r
FAO11
FRD
ACOAD4f
HKM1PP
CYTK1
NPHS
UGMDDS
FMN1
ACM6PH
AACPS4
ZN2abc2
L_LACD3
SPMDabc
ALDD8x
AAT2
FOLt
LEUabc
CBIAT
AACPS7
QUILSYN
PTA
FUR4
ETOHtex
G3PD1
MNabc
LYSabc
NAPRT
3OAS100
CLt3_2pp
L_LACD2
GLCNt2
ADH1
DHNAOT4
PSSA180
AOBUTDs
NNDMBRT
HEMEti
CSNt2
HEM3
OPHHX3
BHMT
ARSt1
UM3PL
SUCBZL
HEM4
CYTK2
MEAMP1
ICDHy
OPHBDC
OHPHM
GLUSD
ACMAT1
CO2t
PSD180
3OAS80
BAP2
NADPt
GGTAe2
DIPEPabc14
ALAGLUE
ERG12
SSALy
3OAS140
CITt2
SHCHCS
ACGS
URIK1
ADOCBLS
ADPDA
G3PAT141
NTRIR2x
HMGCOAS
ILEabc
HEM2
AMMQLT8
ACC1
UACGAMPpp
ACOAD2f
ABTA
NDPK7
ACONT
UAGAAT
G3PAT120
ATPM
HBZOPT
PGPP180pp
3OAS60
RIBFLVt2
RBZP
IDI1
ECOAH1
FAS2_7
HOM6
3OAS120
H2CO3D
LDH_L
PNP1
NH3t
MGt5
DPR
AACOAT
NDPK2
GLT1
SUCD7
AGPAT180
ACGApts
FRD2
METS
RNDR2
DM1PE
FDH
ATPS4rpp
SUCD4
ACOAD6f
PTRCabc
ACALD
ADCOBAK
NaKt
L_LACD
FRD3
NADH12
TPI
PGSA180
ACGAMT
DADNt2
SHCHF
ADADir
ICH or Si
ADE3
UDCPDP
JEN1
AMPEPAE
OMCDC
DTTPt
UAG4E
FEENTERexs
HEXTT
D_LACt2pp
AOXHEXCYCL
ACOAD7f
HEPTT
NAt3
NDPK3
FAS180ACPm
GF6PTA
DGTPH
CAt4
PAPR
ALAR
O2t
METabc
AGP1
FE3abc
  warnings.warn("Soft constraints contain reactions not in the model:\n" + "\n".join(not_in_model))
